// Jest Snapshot v1, https://goo.gl/fbAQLP

exports[`generateLinkedList should generate linked list from values 2 1`] = `
{
  "next": {
    "next": {
      "next": {
        "next": {
          "next": {
            "next": null,
            "value": null,
          },
          "value": 100,
        },
        "value": 13,
      },
      "value": 12,
    },
    "value": 11,
  },
  "value": 10,
}
`;
